agents/genesis.ts(171,1): error TS1434: Unexpected keyword or identifier.
agents/genesis.ts(171,15): error TS1005: ';' expected.
agents/genesis.ts(171,23): error TS1434: Unexpected keyword or identifier.
agents/genesis.ts(171,31): error TS1434: Unexpected keyword or identifier.
agents/genesis.ts(171,55): error TS1005: ',' expected.
agents/genesis.ts(171,61): error TS1005: ',' expected.
agents/genesis.ts(172,10): error TS1005: ',' expected.
agents/genesis.ts(172,24): error TS1005: ',' expected.
agents/genesis.ts(172,31): error TS1005: ',' expected.
agents/genesis.ts(172,36): error TS1005: ',' expected.
agents/genesis.ts(172,41): error TS1005: '(' expected.
agents/genesis.ts(174,2): error TS1005: ')' expected.
agents/genesis.ts(174,78): error TS1434: Unexpected keyword or identifier.
agents/genesis.ts(174,87): error TS1434: Unexpected keyword or identifier.
agents/genesis.ts(174,102): error TS1434: Unexpected keyword or identifier.
agents/genesis.ts(176,1): error TS1434: Unexpected keyword or identifier.
agents/genesis.ts(176,5): error TS1434: Unexpected keyword or identifier.
agents/genesis.ts(176,8): error TS1434: Unexpected keyword or identifier.
agents/genesis.ts(176,18): error TS1005: ';' expected.
agents/genesis.ts(176,27): error TS1434: Unexpected keyword or identifier.
agents/genesis.ts(177,4): error TS1005: ';' expected.
agents/genesis.ts(177,9): error TS1434: Unexpected keyword or identifier.
agents/genesis.ts(177,16): error TS1434: Unexpected keyword or identifier.
agents/genesis.ts(177,41): error TS1005: ';' expected.
agents/genesis.ts(178,4): error TS1005: ';' expected.
agents/genesis.ts(178,33): error TS1005: ';' expected.
agents/genesis.ts(178,38): error TS1434: Unexpected keyword or identifier.
agents/genesis.ts(179,4): error TS1005: ';' expected.
agents/genesis.ts(179,11): error TS1434: Unexpected keyword or identifier.
agents/genesis.ts(179,15): error TS1434: Unexpected keyword or identifier.
agents/genesis.ts(180,4): error TS1005: ';' expected.
agents/genesis.ts(180,11): error TS1434: Unexpected keyword or identifier.
agents/genesis.ts(180,18): error TS1434: Unexpected keyword or identifier.
agents/genesis.ts(180,22): error TS1434: Unexpected keyword or identifier.
agents/genesis.ts(180,29): error TS1434: Unexpected keyword or identifier.
agents/genesis.ts(181,4): error TS1005: ';' expected.
agents/genesis.ts(181,11): error TS1434: Unexpected keyword or identifier.
agents/genesis.ts(181,15): error TS1434: Unexpected keyword or identifier.
agents/genesis.ts(181,25): error TS1434: Unexpected keyword or identifier.
agents/genesis.ts(181,37): error TS1435: Unknown keyword or identifier. Did you mean 'out'?
agents/genesis.ts(181,48): error TS1005: ';' expected.
agents/genesis.ts(183,1): error TS1434: Unexpected keyword or identifier.
agents/genesis.ts(183,6): error TS1435: Unknown keyword or identifier. Did you mean 'out put'?
agents/genesis.ts(183,13): error TS1434: Unexpected keyword or identifier.
agents/genesis.ts(183,18): error TS1434: Unexpected keyword or identifier.
agents/genesis.ts(183,23): error TS1434: Unexpected keyword or identifier.
agents/genesis.ts(183,42): error TS1003: Identifier expected.
